// Vitest Snapshot v1, https://vitest.dev/guide/snapshot.html

exports[`graphPlugin > creates graph.json and graph.html on write:start 1`] = `
[
  {
    "name": "graph",
    "value": "{
  "nodes": [
    {
      "id": "src",
      "label": "src"
    },
    {
      "id": "src/file0.ts",
      "label": "file0.ts"
    },
    {
      "id": "src/file1.ts",
      "label": "file1.ts"
    }
  ],
  "edges": [
    {
      "from": "src",
      "to": "src/file0.ts"
    },
    {
      "from": "src",
      "to": "src/file1.ts"
    }
  ]
}",
  },
]
`;

exports[`graphPlugin > creates graph.json and graph.html on write:start 2`] = `
[
  {
    "name": "graph",
    "value": "
      <!DOCTYPE html>
<html lang="en">
  <head>
    <meta charset="UTF-8" />
    <title>File Graph</title>
    <script type="module">
      import { Network } from 'https://cdn.jsdelivr.net/npm/vis-network/standalone/esm/vis-network.min.js'

      async function main() {
        const res = await fetch('./graph.json')
        const { nodes, edges } = await res.json()
        const container = document.getElementById('graph')

        const network = new Network(
          container,
          { nodes, edges },
          {
            layout: { hierarchical: { direction: 'UD', sortMethod: 'directed' } },
            nodes: { shape: 'box', font: { face: 'monospace' } },
            edges: { arrows: 'to' },
            physics: false,
          },
        )
      }

      main()
    </script>
    <style>
      html, body, #graph { height: 100%; margin: 0; }
    </style>
  </head>
  <body>
    <div id="graph"></div>
  </body>
</html>
",
  },
]
`;
