// Vitest Snapshot v1, https://vitest.dev/guide/snapshot.html

exports[`TreeNode > if TreeNode.toGraph renders a graph correctly 1`] = `
{
  "edges": [
    {
      "from": "src/",
      "to": "src/test.ts",
    },
    {
      "from": "src/",
      "to": "src/sub",
    },
    {
      "from": "src/sub",
      "to": "src/sub/hello.ts",
    },
    {
      "from": "src/sub",
      "to": "src/sub/world.ts",
    },
  ],
  "nodes": [
    {
      "id": "src/",
      "label": "src/",
    },
    {
      "id": "src/test.ts",
      "label": "test.ts",
    },
    {
      "id": "src/sub",
      "label": "sub",
    },
    {
      "id": "src/sub/hello.ts",
      "label": "hello.ts",
    },
    {
      "id": "src/sub/world.ts",
      "label": "world.ts",
    },
  ],
}
`;

exports[`TreeNode > if schemas folder contains x files and y folders 1`] = `
TreeNode {
  "children": [
    TreeNode {
      "children": [],
      "data": {
        "file": {
          "baseName": "test.ts",
          "meta": {},
          "path": "src/test.ts",
          "sources": [],
        },
        "name": "test.ts",
        "path": "src/test.ts",
      },
      "parent": [Circular],
    },
    TreeNode {
      "children": [
        TreeNode {
          "children": [],
          "data": {
            "file": {
              "baseName": "hello.ts",
              "meta": {},
              "path": "src/sub/hello.ts",
              "sources": [],
            },
            "name": "hello.ts",
            "path": "src/sub/hello.ts",
          },
          "parent": [Circular],
        },
        TreeNode {
          "children": [],
          "data": {
            "file": {
              "baseName": "world.ts",
              "meta": {},
              "path": "src/sub/world.ts",
              "sources": [],
            },
            "name": "world.ts",
            "path": "src/sub/world.ts",
          },
          "parent": [Circular],
        },
      ],
      "data": {
        "file": undefined,
        "name": "sub",
        "path": "src/sub",
      },
      "parent": [Circular],
    },
  ],
  "data": {
    "file": undefined,
    "name": "src/",
    "path": "src/",
  },
  "parent": undefined,
}
`;
