// Vitest Snapshot v1, https://vitest.dev/guide/snapshot.html

exports[`<App/> > render App with meta and children 1`] = `"AppChildren|meta:{"color":"blue","version":1}|exit:function|"`;
